[www.athenastudio.co/themes/royal-wp/index-image/index.html]
[backblue.gif]
[fade.gif]
[index.html]
[www.athenastudio.co/themes/royal-wp/wp-includes/css/dist/block-library/style.mincb5b.css]
[www.athenastudio.co/themes/royal-wp/wp-content/plugins/woocommerce/packages/woocommerce-blocks/build/wc-blocks-vendors-style8c3f.css]
[www.athenastudio.co/themes/royal-wp/wp-content/plugins/woocommerce/packages/woocommerce-blocks/build/wc-blocks-style8c3f.css]
[www.athenastudio.co/themes/royal-wp/wp-content/plugins/contact-form-7/includes/css/styles4c7e.css]
[www.athenastudio.co/themes/royal-wp/wp-content/plugins/woocommerce/assets/css/woocommerce-layout6c2d.css]
[www.athenastudio.co/themes/royal-wp/wp-content/plugins/woocommerce/assets/css/woocommerce-smallscreen6c2d.css]
[www.athenastudio.co/themes/royal-wp/wp-content/plugins/woocommerce/assets/css/woocommerce6c2d.css]
[www.athenastudio.co/themes/royal-wp/wp-content/themes/royal/assets/library/bootstrap/css/bootstrap.mincb5b.css]
[www.athenastudio.co/themes/royal-wp/wp-content/themes/royal/assets/library/fontawesome/css/all.mincb5b.css]
[www.athenastudio.co/themes/royal-wp/wp-content/themes/royal/assets/library/linea/arrows/stylescb5b.css]
[www.athenastudio.co/themes/royal-wp/wp-content/themes/royal/assets/library/magnificpopup/magnific-popupcb5b.css]
[www.athenastudio.co/themes/royal-wp/wp-content/themes/royal/assets/library/ytplayer/css/jquery.mb.ytplayer.mincb5b.css]
[www.athenastudio.co/themes/royal-wp/wp-content/themes/royal/assets/css/stylecb5b.css]
[www.athenastudio.co/themes/royal-wp/wp-content/themes/royal/stylecb5b.css]
[www.athenastudio.co/themes/royal-wp/wp-content/themes/royal/assets/css/mediacb5b.css]
[www.athenastudio.co/themes/royal-wp/wp-content/themes/royal/assets/library/isotope/isotopecb5b.css]
[www.athenastudio.co/themes/royal-wp/wp-content/themes/royal/assets/library/slick/slickcb5b.css]
[www.athenastudio.co/themes/royal-wp/wp-content/themes/royal/assets/colors/turquoisecb5b.css]
[www.athenastudio.co/themes/royal-wp/wp-content/themes/royal/assets/library/settings/settingscb5b.css]
[www.athenastudio.co/themes/royal-wp/wp-content/plugins/js_composer/assets/css/js_composer.mine1b2.css]
[www.athenastudio.co/themes/royal-wp/wp-includes/js/jquery/jquery.minaf6c.js]
[www.athenastudio.co/themes/royal-wp/wp-includes/js/jquery/jquery-migrate.mind617.js]
[www.athenastudio.co/themes/royal-wp/wp-content/plugins/woocommerce/assets/js/jquery-blockui/jquery.blockUI.min15df.js]
[www.athenastudio.co/themes/royal-wp/wp-content/plugins/woocommerce/assets/js/frontend/add-to-cart.min6c2d.js]
[www.athenastudio.co/themes/royal-wp/wp-content/plugins/js_composer/assets/js/vendors/woocommerce-add-to-carte1b2.js]
[www.athenastudio.co/themes/royal-wp/wp-content/uploads/2017/09/cropped-favicon-32x32.png]
[www.athenastudio.co/themes/royal-wp/wp-content/uploads/2017/09/cropped-favicon-192x192.png]
[www.athenastudio.co/themes/royal-wp/wp-content/uploads/2017/09/cropped-favicon-180x180.png]
[www.athenastudio.co/themes/royal-wp/wp-content/themes/royal/images/logo/logo-turquoise.png]
[www.athenastudio.co/themes/royal-wp/wp-content/themes/royal/images/logo/logo-white.png]
[www.athenastudio.co/themes/royal-wp/wp-content/uploads/2021/09/single-image.jpg]
[www.athenastudio.co/themes/royal-wp/wp-content/uploads/2017/03/icon-green.png]
[www.athenastudio.co/themes/royal-wp/wp-content/uploads/2021/08/image-4.jpg]
[www.athenastudio.co/themes/royal-wp/wp-content/uploads/2017/03/project-1.jpg]
[www.athenastudio.co/themes/royal-wp/wp-content/uploads/2017/03/project-2.jpg]
[www.athenastudio.co/themes/royal-wp/wp-content/uploads/2017/03/project-3.jpg]
[www.athenastudio.co/themes/royal-wp/wp-content/uploads/2017/03/project-4.jpg]
[www.athenastudio.co/themes/royal-wp/wp-content/uploads/2017/03/project-5.jpg]
[www.athenastudio.co/themes/royal-wp/wp-content/uploads/2017/03/project-6.jpg]
[www.athenastudio.co/themes/royal-wp/wp-content/uploads/2017/03/project-7.jpg]
[www.athenastudio.co/themes/royal-wp/wp-content/uploads/2017/03/project-8.jpg]
[www.athenastudio.co/themes/royal-wp/wp-content/uploads/2017/03/project-9.jpg]
[www.athenastudio.co/themes/royal-wp/wp-content/uploads/2017/03/project-10.jpg]
[www.athenastudio.co/themes/royal-wp/wp-content/uploads/2017/03/imac-left.png]
[www.athenastudio.co/themes/royal-wp/wp-content/uploads/2017/03/imac-right.png]
[www.athenastudio.co/themes/royal-wp/wp-content/uploads/2017/03/imac-center.png]
[www.athenastudio.co/themes/royal-wp/wp-content/uploads/2017/03/image-3.jpg]
[www.athenastudio.co/themes/royal-wp/wp-content/uploads/2017/03/people-1.jpg]
[www.athenastudio.co/themes/royal-wp/wp-content/uploads/2017/03/people-2.jpg]
[www.athenastudio.co/themes/royal-wp/wp-content/uploads/2021/09/people-3.jpg]
[www.athenastudio.co/themes/royal-wp/wp-content/uploads/2017/03/image-1.jpg]
[www.athenastudio.co/themes/royal-wp/wp-content/uploads/2017/03/company-1.png]
[www.athenastudio.co/themes/royal-wp/wp-content/uploads/2017/03/company-2.png]
[www.athenastudio.co/themes/royal-wp/wp-content/uploads/2017/03/company-3.png]
[www.athenastudio.co/themes/royal-wp/wp-content/uploads/2017/03/company-4.png]
[www.athenastudio.co/themes/royal-wp/wp-content/uploads/2017/03/company-5.png]
[www.athenastudio.co/themes/royal-wp/wp-content/uploads/2017/03/company-6.png]
[www.athenastudio.co/themes/royal-wp/wp-content/uploads/2017/03/image-2.jpg]
[www.athenastudio.co/themes/royal-wp/wp-content/themes/royal/images/icon/icon-footer.png]
[www.athenastudio.co/cdn-cgi/scripts/5c5dd728/cloudflare-static/email-decode.min.js]
[www.athenastudio.co/themes/royal-wp/wp-content/plugins/js_composer/assets/lib/bower/font-awesome/css/v4-shims.mine1b2.css]
[www.athenastudio.co/themes/royal-wp/wp-content/plugins/js_composer/assets/lib/bower/font-awesome/css/all.mine1b2.css]
[www.athenastudio.co/themes/royal-wp/wp-includes/js/dist/vendor/regenerator-runtime.min3937.js]
[www.athenastudio.co/themes/royal-wp/wp-includes/js/dist/vendor/wp-polyfill.min2c7c.js]
[www.athenastudio.co/themes/royal-wp/wp-content/plugins/contact-form-7/includes/js/index4c7e.js]
[www.athenastudio.co/themes/royal-wp/wp-content/plugins/woocommerce/assets/js/js-cookie/js.cookie.minf98d.js]
[www.athenastudio.co/themes/royal-wp/wp-content/plugins/woocommerce/assets/js/frontend/woocommerce.min6c2d.js]
[www.athenastudio.co/themes/royal-wp/wp-content/plugins/woocommerce/assets/js/frontend/cart-fragments.min6c2d.js]
[www.athenastudio.co/themes/royal-wp/wp-content/themes/royal/assets/library/bootstrap/js/bootstrap.mincb5b.js]
[www.athenastudio.co/themes/royal-wp/wp-content/themes/royal/assets/library/retina/retina.mincb5b.js]
[www.athenastudio.co/themes/royal-wp/wp-content/themes/royal/assets/library/scrollto/jquery.scrollto.mincb5b.js]
[www.athenastudio.co/themes/royal-wp/wp-content/themes/royal/assets/library/ytplayer/jquery.mb.ytplayer.mincb5b.js]
[www.athenastudio.co/themes/royal-wp/wp-content/themes/royal/assets/library/parallax/jquery.parallax.mincb5b.js]
[www.athenastudio.co/themes/royal-wp/wp-content/themes/royal/assets/library/magnificpopup/jquery.magnific-popup.mincb5b.js]
[www.athenastudio.co/themes/royal-wp/wp-content/themes/royal/assets/library/isotope/jquery.isotope.mincb5b.js]
[www.athenastudio.co/themes/royal-wp/wp-content/themes/royal/assets/library/waitforimages/jquery.waitforimages.mincb5b.js]
[www.athenastudio.co/themes/royal-wp/wp-content/themes/royal/assets/library/nav/jquery.nav.mincb5b.js]
[www.athenastudio.co/themes/royal-wp/wp-content/themes/royal/assets/library/knob/jquery.knob.mincb5b.js]
[www.athenastudio.co/themes/royal-wp/wp-content/themes/royal/assets/library/twitter/jquery.tweet.mincb5b.js]
[www.athenastudio.co/themes/royal-wp/wp-content/themes/royal/assets/library/slick/slickcb5b.js]
[www.athenastudio.co/themes/royal-wp/wp-content/themes/royal/assets/js/maincb5b.js]
[www.athenastudio.co/themes/royal-wp/wp-includes/js/comment-reply.mincb5b.js]
[www.athenastudio.co/themes/royal-wp/wp-content/themes/royal/assets/library/settings/jquery.cookies.mincb5b.js]
[www.athenastudio.co/themes/royal-wp/wp-content/themes/royal/assets/library/settings/settingscb5b.js]
[www.athenastudio.co/themes/royal-wp/wp-content/plugins/js_composer/assets/js/dist/js_composer_front.mine1b2.js]
[www.athenastudio.co/themes/royal-wp/wp-content/plugins/akismet/_inc/akismet-frontende7d8.js]
[www.athenastudio.co/themes/royal-wp/index-image/index.html]
[www.athenastudio.co/themes/royal-wp/wp-includes/css/dist/block-library/style.mincb5b.css]
[www.athenastudio.co/themes/royal-wp/wp-content/plugins/woocommerce/packages/woocommerce-blocks/build/wc-blocks-vendors-style8c3f.css]
[www.athenastudio.co/themes/royal-wp/wp-content/plugins/woocommerce/packages/woocommerce-blocks/build/wc-blocks-style8c3f.css]
[www.athenastudio.co/themes/royal-wp/wp-content/plugins/contact-form-7/includes/css/styles4c7e.css]
[www.athenastudio.co/themes/royal-wp/wp-content/plugins/woocommerce/assets/css/woocommerce-layout6c2d.css]
[www.athenastudio.co/themes/royal-wp/wp-content/plugins/woocommerce/assets/css/woocommerce-smallscreen6c2d.css]
[www.athenastudio.co/themes/royal-wp/wp-content/plugins/woocommerce/assets/css/woocommerce6c2d.css]
[www.athenastudio.co/themes/royal-wp/wp-content/themes/royal/assets/library/bootstrap/css/bootstrap.mincb5b.css]
[www.athenastudio.co/themes/royal-wp/wp-content/themes/royal/assets/library/fontawesome/css/all.mincb5b.css]
[www.athenastudio.co/cdn-cgi/challenge-platform/h/b/scripts/alpha/invisible5615.js]
[www.athenastudio.co/themes/royal-wp/wp-content/themes/royal/assets/library/linea/arrows/fonts/linea-arrows-10.eot]
[www.athenastudio.co/themes/royal-wp/wp-content/themes/royal/assets/library/linea/arrows/fonts/linea-arrows-10d41d.eot]
[www.athenastudio.co/themes/royal-wp/wp-content/themes/royal/assets/library/linea/arrows/fonts/linea-arrows-10.woff]
[www.athenastudio.co/themes/royal-wp/wp-content/themes/royal/assets/library/linea/arrows/fonts/linea-arrows-10.ttf]
[www.athenastudio.co/themes/royal-wp/wp-content/themes/royal/assets/library/linea/arrows/stylescb5b.css]
[www.athenastudio.co/themes/royal-wp/wp-content/themes/royal/assets/library/magnificpopup/magnific-popupcb5b.css]
[www.athenastudio.co/themes/royal-wp/wp-content/themes/royal/assets/library/linea/arrows/fonts/linea-arrows-10.svg]
[www.athenastudio.co/themes/royal-wp/wp-content/themes/royal/assets/library/ytplayer/css/jquery.mb.ytplayer.mincb5b.css]
[www.athenastudio.co/themes/royal-wp/wp-content/themes/royal/assets/css/stylecb5b.css]
[www.athenastudio.co/themes/royal-wp/wp-content/themes/royal/stylecb5b.css]
[www.athenastudio.co/themes/royal-wp/wp-content/themes/royal/assets/css/mediacb5b.css]
[www.athenastudio.co/themes/royal-wp/wp-content/themes/royal/assets/library/isotope/isotopecb5b.css]
[www.athenastudio.co/themes/royal-wp/wp-content/themes/royal/assets/library/slick/slickcb5b.css]
[www.athenastudio.co/themes/royal-wp/wp-content/themes/royal/assets/colors/turquoisecb5b.css]
[www.athenastudio.co/themes/royal-wp/wp-content/themes/royal/assets/library/ytplayer/css/font/ytp-regular.eot]
[www.athenastudio.co/themes/royal-wp/wp-content/themes/royal/assets/library/settings/images/icon_panel.png]
[www.athenastudio.co/themes/royal-wp/wp-content/themes/royal/assets/library/settings/settingscb5b.css]
[www.athenastudio.co/themes/royal-wp/wp-content/plugins/js_composer/assets/vc/alert.png]
[www.athenastudio.co/themes/royal-wp/wp-content/plugins/js_composer/assets/vc/info.png]
[www.athenastudio.co/themes/royal-wp/wp-content/plugins/js_composer/assets/vc/tick.png]
[www.athenastudio.co/themes/royal-wp/wp-content/plugins/js_composer/assets/vc/exclamation.png]
[www.athenastudio.co/themes/royal-wp/wp-content/plugins/js_composer/assets/images/icons/address-book.png]
[www.athenastudio.co/themes/royal-wp/wp-content/plugins/js_composer/assets/images/icons/alarm-clock.png]
[www.athenastudio.co/themes/royal-wp/wp-content/plugins/js_composer/assets/images/icons/anchor.png]
[www.athenastudio.co/themes/royal-wp/wp-content/plugins/js_composer/assets/images/icons/application-image.png]
[www.athenastudio.co/themes/royal-wp/wp-content/plugins/js_composer/assets/images/icons/arrow.png]
[www.athenastudio.co/themes/royal-wp/wp-content/plugins/js_composer/assets/images/icons/asterisk.png]
[www.athenastudio.co/themes/royal-wp/wp-content/plugins/js_composer/assets/images/icons/auction-hammer.png]
[www.athenastudio.co/themes/royal-wp/wp-content/plugins/js_composer/assets/images/icons/balloon.png]
[www.athenastudio.co/themes/royal-wp/wp-content/plugins/js_composer/assets/images/icons/balloon-buzz.png]
[www.athenastudio.co/themes/royal-wp/wp-content/plugins/js_composer/assets/images/icons/balloon-facebook.png]
[www.athenastudio.co/themes/royal-wp/wp-content/plugins/js_composer/assets/images/icons/balloon-twitter.png]
[www.athenastudio.co/themes/royal-wp/wp-content/plugins/js_composer/assets/images/icons/battery-full.png]
[www.athenastudio.co/themes/royal-wp/wp-content/plugins/js_composer/assets/images/icons/binocular.png]
[www.athenastudio.co/themes/royal-wp/wp-content/plugins/js_composer/assets/images/icons/blue-document-excel.png]
[www.athenastudio.co/themes/royal-wp/wp-content/plugins/js_composer/assets/images/icons/blue-document-image.png]
[www.athenastudio.co/themes/royal-wp/wp-content/plugins/js_composer/assets/images/icons/blue-document-music.png]
[www.athenastudio.co/themes/royal-wp/wp-content/plugins/js_composer/assets/images/icons/blue-document-office.png]
[www.athenastudio.co/themes/royal-wp/wp-content/plugins/js_composer/assets/images/icons/blue-document-pdf.png]
[www.athenastudio.co/themes/royal-wp/wp-content/plugins/js_composer/assets/images/icons/blue-document-powerpoint.png]
[www.athenastudio.co/themes/royal-wp/wp-content/plugins/js_composer/assets/images/icons/blue-document-word.png]
[www.athenastudio.co/themes/royal-wp/wp-content/plugins/js_composer/assets/images/icons/bookmark.png]
[www.athenastudio.co/themes/royal-wp/wp-content/plugins/js_composer/assets/images/icons/camcorder.png]
[www.athenastudio.co/themes/royal-wp/wp-content/plugins/js_composer/assets/images/icons/camera.png]
[www.athenastudio.co/themes/royal-wp/wp-content/plugins/js_composer/assets/images/icons/chart.png]
[www.athenastudio.co/themes/royal-wp/wp-content/plugins/js_composer/assets/images/icons/chart-pie.png]
[www.athenastudio.co/themes/royal-wp/wp-content/plugins/js_composer/assets/images/icons/clock.png]
[www.athenastudio.co/themes/royal-wp/wp-content/plugins/js_composer/assets/images/icons/control.png]
[www.athenastudio.co/themes/royal-wp/wp-content/plugins/js_composer/assets/images/icons/fire.png]
[www.athenastudio.co/themes/royal-wp/wp-content/plugins/js_composer/assets/images/icons/heart.png]
[www.athenastudio.co/themes/royal-wp/wp-content/plugins/js_composer/assets/images/icons/mail.png]
[www.athenastudio.co/themes/royal-wp/wp-content/plugins/js_composer/assets/images/icons/plus-shield.png]
[www.athenastudio.co/themes/royal-wp/wp-content/plugins/js_composer/assets/images/icons/video.png]
[www.athenastudio.co/themes/royal-wp/wp-content/plugins/js_composer/assets/images/toggle_open.png]
[www.athenastudio.co/themes/royal-wp/wp-content/plugins/js_composer/assets/images/toggle_close.png]
[www.athenastudio.co/themes/royal-wp/wp-content/plugins/js_composer/assets/images/flickr.png]
[www.athenastudio.co/themes/royal-wp/wp-content/plugins/js_composer/assets/images/spinner.gif]
[www.athenastudio.co/themes/royal-wp/wp-content/plugins/js_composer/assets/vc/remove.png]
[www.athenastudio.co/themes/royal-wp/wp-content/plugins/js_composer/assets/css/js_composer.mine1b2.css]
[www.athenastudio.co/themes/royal-wp/wp-content/plugins/js_composer/assets/lib/bower/font-awesome/css/v4-shims.mine1b2.css]
[www.athenastudio.co/themes/royal-wp/wp-content/plugins/js_composer/assets/lib/bower/font-awesome/css/all.mine1b2.css]
[www.athenastudio.co/themes/royal-wp/wp-content/themes/royal/assets/library/linea/arrows/fonts/linea-arrows-10.svg]
